{
  "code": 0,
  "data": {
    "to": "openapi",
    "result": {
      "nodes": [
        {
          "id": "a001:1",
          "type": "text_shape",
          "x": 24,
          "y": 24,
          "width": 792,
          "height": 27,
          "text": {
            "text": "评测任务协作泳道图",
            "font_weight": "bold",
            "font_size": 18,
            "horizontal_align": "left",
            "vertical_align": "top",
            "line_through": false,
            "underline": false,
            "italic": false,
            "angle": 0,
            "text_color": "#1f2329",
            "text_color_type": 1,
            "text_background_color_type": 0,
            "theme_text_background_color_code": -1
          }
        },
        {
          "id": "o001:1",
          "type": "composite_shape",
          "x": 24,
          "y": 66,
          "width": 792,
          "height": 181,
          "style": {
            "border_opacity": 100,
            "border_width": "extra_narrow",
            "border_color": "#ffffff",
            "border_color_type": 1,
            "border_style": "solid",
            "fill_opacity": 100,
            "fill_color": "#ffffff",
            "fill_color_type": 1
          },
          "composite_shape": {
            "type": "round_rect"
          }
        },
        {
          "id": "o001:2",
          "type": "composite_shape",
          "x": 24,
          "y": 66,
          "width": 156,
          "height": 181,
          "style": {
            "border_opacity": 100,
            "border_width": "extra_narrow",
            "border_color": "#e4e7ed",
            "border_color_type": 1,
            "border_style": "solid",
            "fill_opacity": 100,
            "fill_color": "#ffffff",
            "fill_color_type": 1
          },
          "composite_shape": {
            "type": "round_rect"
          }
        },
        {
          "id": "a001:2",
          "type": "text_shape",
          "x": 68,
          "y": 78,
          "width": 68,
          "height": 19,
          "text": {
            "text": "1. 评测用户",
            "font_weight": "bold",
            "font_size": 13,
            "horizontal_align": "left",
            "vertical_align": "top",
            "line_through": false,
            "underline": false,
            "italic": false,
            "angle": 0,
            "text_color": "#1f2329",
            "text_color_type": 1,
            "text_background_color_type": 0,
            "theme_text_background_color_code": -1
          }
        },
        {
          "id": "o001:3",
          "type": "composite_shape",
          "x": 36,
          "y": 106,
          "width": 132,
          "height": 36,
          "style": {
            "border_opacity": 100,
            "border_width": "narrow",
            "border_color": "#5b7fcb",
            "border_color_type": 1,
            "border_style": "solid",
            "fill_opacity": 100,
            "fill_color": "#ffffff",
            "fill_color_type": 1
          },
          "composite_shape": {
            "type": "round_rect"
          }
        },
        {
          "id": "a001:3",
          "type": "text_shape",
          "x": 36,
          "y": 116,
          "width": 132,
          "height": 17,
          "text": {
            "text": "发起评测",
            "font_weight": "regular",
            "font_size": 12,
            "horizontal_align": "center",
            "vertical_align": "top",
            "line_through": false,
            "underline": false,
            "italic": false,
            "angle": 0,
            "text_color": "#1f2329",
            "text_color_type": 1,
            "text_background_color_type": 0,
            "theme_text_background_color_code": -1
          }
        },
        {
          "id": "o001:4",
          "type": "composite_shape",
          "x": 36,
          "y": 152,
          "width": 132,
          "height": 36,
          "style": {
            "border_opacity": 100,
            "border_width": "narrow",
            "border_color": "#5b7fcb",
            "border_color_type": 1,
            "border_style": "solid",
            "fill_opacity": 100,
            "fill_color": "#ffffff",
            "fill_color_type": 1
          },
          "composite_shape": {
            "type": "round_rect"
          }
        },
        {
          "id": "a001:4",
          "type": "text_shape",
          "x": 36,
          "y": 162,
          "width": 132,
          "height": 17,
          "text": {
            "text": "补全配置",
            "font_weight": "regular",
            "font_size": 12,
            "horizontal_align": "center",
            "vertical_align": "top",
            "line_through": false,
            "underline": false,
            "italic": false,
            "angle": 0,
            "text_color": "#1f2329",
            "text_color_type": 1,
            "text_background_color_type": 0,
            "theme_text_background_color_code": -1
          }
        },
        {
          "id": "o001:5",
          "type": "composite_shape",
          "x": 36,
          "y": 198,
          "width": 132,
          "height": 36,
          "style": {
            "border_opacity": 100,
            "border_width": "narrow",
            "border_color": "#5b7fcb",
            "border_color_type": 1,
            "border_style": "solid",
            "fill_opacity": 100,
            "fill_color": "#ffffff",
            "fill_color_type": 1
          },
          "composite_shape": {
            "type": "round_rect"
          }
        },
        {
          "id": "a001:5",
          "type": "text_shape",
          "x": 36,
          "y": 208,
          "width": 132,
          "height": 17,
          "text": {
            "text": "查看报告",
            "font_weight": "regular",
            "font_size": 12,
            "horizontal_align": "center",
            "vertical_align": "top",
            "line_through": false,
            "underline": false,
            "italic": false,
            "angle": 0,
            "text_color": "#1f2329",
            "text_color_type": 1,
            "text_background_color_type": 0,
            "theme_text_background_color_code": -1
          }
        },
        {
          "id": "a001:6",
          "type": "text_shape",
          "x": 196,
          "y": 66,
          "width": 24,
          "height": 181,
          "text": {
            "text": "→",
            "font_weight": "regular",
            "font_size": 24,
            "horizontal_align": "left",
            "vertical_align": "top",
            "line_through": false,
            "underline": false,
            "italic": false,
            "angle": 0,
            "text_color": "#5b7fcb",
            "text_color_type": 1,
            "text_background_color_type": 0,
            "theme_text_background_color_code": -1
          }
        },
        {
          "id": "o001:6",
          "type": "composite_shape",
          "x": 236,
          "y": 66,
          "width": 156,
          "height": 181,
          "style": {
            "border_opacity": 100,
            "border_width": "extra_narrow",
            "border_color": "#e4e7ed",
            "border_color_type": 1,
            "border_style": "solid",
            "fill_opacity": 100,
            "fill_color": "#ffffff",
            "fill_color_type": 1
          },
          "composite_shape": {
            "type": "round_rect"
          }
        },
        {
          "id": "a001:7",
          "type": "text_shape",
          "x": 280,
          "y": 78,
          "width": 68,
          "height": 19,
          "text": {
            "text": "2. 评测平台",
            "font_weight": "bold",
            "font_size": 13,
            "horizontal_align": "left",
            "vertical_align": "top",
            "line_through": false,
            "underline": false,
            "italic": false,
            "angle": 0,
            "text_color": "#1f2329",
            "text_color_type": 1,
            "text_background_color_type": 0,
            "theme_text_background_color_code": -1
          }
        },
        {
          "id": "o001:7",
          "type": "composite_shape",
          "x": 248,
          "y": 106,
          "width": 132,
          "height": 36,
          "style": {
            "border_opacity": 100,
            "border_width": "narrow",
            "border_color": "#8a6fd1",
            "border_color_type": 1,
            "border_style": "solid",
            "fill_opacity": 100,
            "fill_color": "#ffffff",
            "fill_color_type": 1
          },
          "composite_shape": {
            "type": "round_rect"
          }
        },
        {
          "id": "a001:8",
          "type": "text_shape",
          "x": 248,
          "y": 116,
          "width": 132,
          "height": 17,
          "text": {
            "text": "校验配置",
            "font_weight": "regular",
            "font_size": 12,
            "horizontal_align": "center",
            "vertical_align": "top",
            "line_through": false,
            "underline": false,
            "italic": false,
            "angle": 0,
            "text_color": "#1f2329",
            "text_color_type": 1,
            "text_background_color_type": 0,
            "theme_text_background_color_code": -1
          }
        },
        {
          "id": "o001:8",
          "type": "composite_shape",
          "x": 248,
          "y": 152,
          "width": 132,
          "height": 36,
          "style": {
            "border_opacity": 100,
            "border_width": "narrow",
            "border_color": "#8a6fd1",
            "border_color_type": 1,
            "border_style": "solid",
            "fill_opacity": 100,
            "fill_color": "#ffffff",
            "fill_color_type": 1
          },
          "composite_shape": {
            "type": "round_rect"
          }
        },
        {
          "id": "a001:9",
          "type": "text_shape",
          "x": 248,
          "y": 162,
          "width": 132,
          "height": 17,
          "text": {
            "text": "创建任务",
            "font_weight": "regular",
            "font_size": 12,
            "horizontal_align": "center",
            "vertical_align": "top",
            "line_through": false,
            "underline": false,
            "italic": false,
            "angle": 0,
            "text_color": "#1f2329",
            "text_color_type": 1,
            "text_background_color_type": 0,
            "theme_text_background_color_code": -1
          }
        },
        {
          "id": "o001:9",
          "type": "composite_shape",
          "x": 248,
          "y": 198,
          "width": 132,
          "height": 36,
          "style": {
            "border_opacity": 100,
            "border_width": "narrow",
            "border_color": "#8a6fd1",
            "border_color_type": 1,
            "border_style": "solid",
            "fill_opacity": 100,
            "fill_color": "#ffffff",
            "fill_color_type": 1
          },
          "composite_shape": {
            "type": "round_rect"
          }
        },
        {
          "id": "a001:10",
          "type": "text_shape",
          "x": 248,
          "y": 208,
          "width": 132,
          "height": 17,
          "text": {
            "text": "汇总结果",
            "font_weight": "regular",
            "font_size": 12,
            "horizontal_align": "center",
            "vertical_align": "top",
            "line_through": false,
            "underline": false,
            "italic": false,
            "angle": 0,
            "text_color": "#1f2329",
            "text_color_type": 1,
            "text_background_color_type": 0,
            "theme_text_background_color_code": -1
          }
        },
        {
          "id": "a001:11",
          "type": "text_shape",
          "x": 408,
          "y": 66,
          "width": 24,
          "height": 181,
          "text": {
            "text": "→",
            "font_weight": "regular",
            "font_size": 24,
            "horizontal_align": "left",
            "vertical_align": "top",
            "line_through": false,
            "underline": false,
            "italic": false,
            "angle": 0,
            "text_color": "#5b7fcb",
            "text_color_type": 1,
            "text_background_color_type": 0,
            "theme_text_background_color_code": -1
          }
        },
        {
          "id": "o001:10",
          "type": "composite_shape",
          "x": 448,
          "y": 66,
          "width": 156,
          "height": 181,
          "style": {
            "border_opacity": 100,
            "border_width": "extra_narrow",
            "border_color": "#e4e7ed",
            "border_color_type": 1,
            "border_style": "solid",
            "fill_opacity": 100,
            "fill_color": "#ffffff",
            "fill_color_type": 1
          },
          "composite_shape": {
            "type": "round_rect"
          }
        },
        {
          "id": "a001:12",
          "type": "text_shape",
          "x": 492,
          "y": 78,
          "width": 68,
          "height": 19,
          "text": {
            "text": "3. 模型服务",
            "font_weight": "bold",
            "font_size": 13,
            "horizontal_align": "left",
            "vertical_align": "top",
            "line_through": false,
            "underline": false,
            "italic": false,
            "angle": 0,
            "text_color": "#1f2329",
            "text_color_type": 1,
            "text_background_color_type": 0,
            "theme_text_background_color_code": -1
          }
        },
        {
          "id": "o001:11",
          "type": "composite_shape",
          "x": 460,
          "y": 106,
          "width": 132,
          "height": 36,
          "style": {
            "border_opacity": 100,
            "border_width": "narrow",
            "border_color": "#4e9d6d",
            "border_color_type": 1,
            "border_style": "solid",
            "fill_opacity": 100,
            "fill_color": "#ffffff",
            "fill_color_type": 1
          },
          "composite_shape": {
            "type": "round_rect"
          }
        },
        {
          "id": "a001:13",
          "type": "text_shape",
          "x": 460,
          "y": 116,
          "width": 132,
          "height": 17,
          "text": {
            "text": "接收样本",
            "font_weight": "regular",
            "font_size": 12,
            "horizontal_align": "center",
            "vertical_align": "top",
            "line_through": false,
            "underline": false,
            "italic": false,
            "angle": 0,
            "text_color": "#1f2329",
            "text_color_type": 1,
            "text_background_color_type": 0,
            "theme_text_background_color_code": -1
          }
        },
        {
          "id": "o001:12",
          "type": "composite_shape",
          "x": 460,
          "y": 152,
          "width": 132,
          "height": 36,
          "style": {
            "border_opacity": 100,
            "border_width": "narrow",
            "border_color": "#4e9d6d",
            "border_color_type": 1,
            "border_style": "solid",
            "fill_opacity": 100,
            "fill_color": "#ffffff",
            "fill_color_type": 1
          },
          "composite_shape": {
            "type": "round_rect"
          }
        },
        {
          "id": "a001:14",
          "type": "text_shape",
          "x": 460,
          "y": 162,
          "width": 132,
          "height": 17,
          "text": {
            "text": "执行推理",
            "font_weight": "regular",
            "font_size": 12,
            "horizontal_align": "center",
            "vertical_align": "top",
            "line_through": false,
            "underline": false,
            "italic": false,
            "angle": 0,
            "text_color": "#1f2329",
            "text_color_type": 1,
            "text_background_color_type": 0,
            "theme_text_background_color_code": -1
          }
        },
        {
          "id": "o001:13",
          "type": "composite_shape",
          "x": 460,
          "y": 198,
          "width": 132,
          "height": 36,
          "style": {
            "border_opacity": 100,
            "border_width": "narrow",
            "border_color": "#4e9d6d",
            "border_color_type": 1,
            "border_style": "solid",
            "fill_opacity": 100,
            "fill_color": "#ffffff",
            "fill_color_type": 1
          },
          "composite_shape": {
            "type": "round_rect"
          }
        },
        {
          "id": "a001:15",
          "type": "text_shape",
          "x": 460,
          "y": 208,
          "width": 132,
          "height": 17,
          "text": {
            "text": "返回响应",
            "font_weight": "regular",
            "font_size": 12,
            "horizontal_align": "center",
            "vertical_align": "top",
            "line_through": false,
            "underline": false,
            "italic": false,
            "angle": 0,
            "text_color": "#1f2329",
            "text_color_type": 1,
            "text_background_color_type": 0,
            "theme_text_background_color_code": -1
          }
        },
        {
          "id": "a001:16",
          "type": "text_shape",
          "x": 620,
          "y": 66,
          "width": 24,
          "height": 181,
          "text": {
            "text": "→",
            "font_weight": "regular",
            "font_size": 24,
            "horizontal_align": "left",
            "vertical_align": "top",
            "line_through": false,
            "underline": false,
            "italic": false,
            "angle": 0,
            "text_color": "#5b7fcb",
            "text_color_type": 1,
            "text_background_color_type": 0,
            "theme_text_background_color_code": -1
          }
        },
        {
          "id": "o001:14",
          "type": "composite_shape",
          "x": 660,
          "y": 66,
          "width": 156,
          "height": 181,
          "style": {
            "border_opacity": 100,
            "border_width": "extra_narrow",
            "border_color": "#e4e7ed",
            "border_color_type": 1,
            "border_style": "solid",
            "fill_opacity": 100,
            "fill_color": "#ffffff",
            "fill_color_type": 1
          },
          "composite_shape": {
            "type": "round_rect"
          }
        },
        {
          "id": "a001:17",
          "type": "text_shape",
          "x": 704,
          "y": 78,
          "width": 68,
          "height": 19,
          "text": {
            "text": "4. 指标服务",
            "font_weight": "bold",
            "font_size": 13,
            "horizontal_align": "left",
            "vertical_align": "top",
            "line_through": false,
            "underline": false,
            "italic": false,
            "angle": 0,
            "text_color": "#1f2329",
            "text_color_type": 1,
            "text_background_color_type": 0,
            "theme_text_background_color_code": -1
          }
        },
        {
          "id": "o001:15",
          "type": "composite_shape",
          "x": 672,
          "y": 106,
          "width": 132,
          "height": 36,
          "style": {
            "border_opacity": 100,
            "border_width": "narrow",
            "border_color": "#d87a7a",
            "border_color_type": 1,
            "border_style": "solid",
            "fill_opacity": 100,
            "fill_color": "#ffffff",
            "fill_color_type": 1
          },
          "composite_shape": {
            "type": "round_rect"
          }
        },
        {
          "id": "a001:18",
          "type": "text_shape",
          "x": 672,
          "y": 116,
          "width": 132,
          "height": 17,
          "text": {
            "text": "计算指标",
            "font_weight": "regular",
            "font_size": 12,
            "horizontal_align": "center",
            "vertical_align": "top",
            "line_through": false,
            "underline": false,
            "italic": false,
            "angle": 0,
            "text_color": "#1f2329",
            "text_color_type": 1,
            "text_background_color_type": 0,
            "theme_text_background_color_code": -1
          }
        },
        {
          "id": "o001:16",
          "type": "composite_shape",
          "x": 672,
          "y": 152,
          "width": 132,
          "height": 36,
          "style": {
            "border_opacity": 100,
            "border_width": "narrow",
            "border_color": "#d87a7a",
            "border_color_type": 1,
            "border_style": "solid",
            "fill_opacity": 100,
            "fill_color": "#ffffff",
            "fill_color_type": 1
          },
          "composite_shape": {
            "type": "round_rect"
          }
        },
        {
          "id": "a001:19",
          "type": "text_shape",
          "x": 672,
          "y": 162,
          "width": 132,
          "height": 17,
          "text": {
            "text": "标记异常",
            "font_weight": "regular",
            "font_size": 12,
            "horizontal_align": "center",
            "vertical_align": "top",
            "line_through": false,
            "underline": false,
            "italic": false,
            "angle": 0,
            "text_color": "#1f2329",
            "text_color_type": 1,
            "text_background_color_type": 0,
            "theme_text_background_color_code": -1
          }
        },
        {
          "id": "o001:17",
          "type": "composite_shape",
          "x": 672,
          "y": 198,
          "width": 132,
          "height": 36,
          "style": {
            "border_opacity": 100,
            "border_width": "narrow",
            "border_color": "#d87a7a",
            "border_color_type": 1,
            "border_style": "solid",
            "fill_opacity": 100,
            "fill_color": "#ffffff",
            "fill_color_type": 1
          },
          "composite_shape": {
            "type": "round_rect"
          }
        },
        {
          "id": "a001:20",
          "type": "text_shape",
          "x": 672,
          "y": 208,
          "width": 132,
          "height": 17,
          "text": {
            "text": "输出解释",
            "font_weight": "regular",
            "font_size": 12,
            "horizontal_align": "center",
            "vertical_align": "top",
            "line_through": false,
            "underline": false,
            "italic": false,
            "angle": 0,
            "text_color": "#1f2329",
            "text_color_type": 1,
            "text_background_color_type": 0,
            "theme_text_background_color_code": -1
          }
        },
        {
          "id": "c001:1",
          "type": "connector",
          "x": 102,
          "y": 142,
          "width": 1,
          "height": 10,
          "style": {
            "border_opacity": 100,
            "border_width": "extra_narrow",
            "border_color": "#b8bec8",
            "border_color_type": 1,
            "border_style": "solid"
          },
          "connector": {
            "start": {
              "attached_object": {
                "id": "o001:3",
                "snap_to": "bottom",
                "position": {
                  "x": 0.5,
                  "y": 1
                }
              },
              "arrow_style": "none"
            },
            "end": {
              "attached_object": {
                "id": "o001:4",
                "snap_to": "top",
                "position": {
                  "x": 0.5,
                  "y": 0
                }
              },
              "arrow_style": "none"
            },
            "shape": "straight",
            "caption_auto_direction": false,
            "specified_coordinate": true,
            "start_object": {
              "id": "o001:3",
              "snap_to": "bottom",
              "position": {
                "x": 0.5,
                "y": 1
              }
            },
            "end_object": {
              "id": "o001:4",
              "snap_to": "top",
              "position": {
                "x": 0.5,
                "y": 0
              }
            }
          }
        },
        {
          "id": "c001:2",
          "type": "connector",
          "x": 102,
          "y": 188,
          "width": 1,
          "height": 10,
          "style": {
            "border_opacity": 100,
            "border_width": "extra_narrow",
            "border_color": "#b8bec8",
            "border_color_type": 1,
            "border_style": "solid"
          },
          "connector": {
            "start": {
              "attached_object": {
                "id": "o001:4",
                "snap_to": "bottom",
                "position": {
                  "x": 0.5,
                  "y": 1
                }
              },
              "arrow_style": "none"
            },
            "end": {
              "attached_object": {
                "id": "o001:5",
                "snap_to": "top",
                "position": {
                  "x": 0.5,
                  "y": 0
                }
              },
              "arrow_style": "none"
            },
            "shape": "straight",
            "caption_auto_direction": false,
            "specified_coordinate": true,
            "start_object": {
              "id": "o001:4",
              "snap_to": "bottom",
              "position": {
                "x": 0.5,
                "y": 1
              }
            },
            "end_object": {
              "id": "o001:5",
              "snap_to": "top",
              "position": {
                "x": 0.5,
                "y": 0
              }
            }
          }
        },
        {
          "id": "c001:3",
          "type": "connector",
          "x": 314,
          "y": 142,
          "width": 1,
          "height": 10,
          "style": {
            "border_opacity": 100,
            "border_width": "extra_narrow",
            "border_color": "#b8bec8",
            "border_color_type": 1,
            "border_style": "solid"
          },
          "connector": {
            "start": {
              "attached_object": {
                "id": "o001:7",
                "snap_to": "bottom",
                "position": {
                  "x": 0.5,
                  "y": 1
                }
              },
              "arrow_style": "none"
            },
            "end": {
              "attached_object": {
                "id": "o001:8",
                "snap_to": "top",
                "position": {
                  "x": 0.5,
                  "y": 0
                }
              },
              "arrow_style": "none"
            },
            "shape": "straight",
            "caption_auto_direction": false,
            "specified_coordinate": true,
            "start_object": {
              "id": "o001:7",
              "snap_to": "bottom",
              "position": {
                "x": 0.5,
                "y": 1
              }
            },
            "end_object": {
              "id": "o001:8",
              "snap_to": "top",
              "position": {
                "x": 0.5,
                "y": 0
              }
            }
          }
        },
        {
          "id": "c001:4",
          "type": "connector",
          "x": 314,
          "y": 188,
          "width": 1,
          "height": 10,
          "style": {
            "border_opacity": 100,
            "border_width": "extra_narrow",
            "border_color": "#b8bec8",
            "border_color_type": 1,
            "border_style": "solid"
          },
          "connector": {
            "start": {
              "attached_object": {
                "id": "o001:8",
                "snap_to": "bottom",
                "position": {
                  "x": 0.5,
                  "y": 1
                }
              },
              "arrow_style": "none"
            },
            "end": {
              "attached_object": {
                "id": "o001:9",
                "snap_to": "top",
                "position": {
                  "x": 0.5,
                  "y": 0
                }
              },
              "arrow_style": "none"
            },
            "shape": "straight",
            "caption_auto_direction": false,
            "specified_coordinate": true,
            "start_object": {
              "id": "o001:8",
              "snap_to": "bottom",
              "position": {
                "x": 0.5,
                "y": 1
              }
            },
            "end_object": {
              "id": "o001:9",
              "snap_to": "top",
              "position": {
                "x": 0.5,
                "y": 0
              }
            }
          }
        },
        {
          "id": "c001:5",
          "type": "connector",
          "x": 526,
          "y": 142,
          "width": 1,
          "height": 10,
          "style": {
            "border_opacity": 100,
            "border_width": "extra_narrow",
            "border_color": "#b8bec8",
            "border_color_type": 1,
            "border_style": "solid"
          },
          "connector": {
            "start": {
              "attached_object": {
                "id": "o001:11",
                "snap_to": "bottom",
                "position": {
                  "x": 0.5,
                  "y": 1
                }
              },
              "arrow_style": "none"
            },
            "end": {
              "attached_object": {
                "id": "o001:12",
                "snap_to": "top",
                "position": {
                  "x": 0.5,
                  "y": 0
                }
              },
              "arrow_style": "none"
            },
            "shape": "straight",
            "caption_auto_direction": false,
            "specified_coordinate": true,
            "start_object": {
              "id": "o001:11",
              "snap_to": "bottom",
              "position": {
                "x": 0.5,
                "y": 1
              }
            },
            "end_object": {
              "id": "o001:12",
              "snap_to": "top",
              "position": {
                "x": 0.5,
                "y": 0
              }
            }
          }
        },
        {
          "id": "c001:6",
          "type": "connector",
          "x": 526,
          "y": 188,
          "width": 1,
          "height": 10,
          "style": {
            "border_opacity": 100,
            "border_width": "extra_narrow",
            "border_color": "#b8bec8",
            "border_color_type": 1,
            "border_style": "solid"
          },
          "connector": {
            "start": {
              "attached_object": {
                "id": "o001:12",
                "snap_to": "bottom",
                "position": {
                  "x": 0.5,
                  "y": 1
                }
              },
              "arrow_style": "none"
            },
            "end": {
              "attached_object": {
                "id": "o001:13",
                "snap_to": "top",
                "position": {
                  "x": 0.5,
                  "y": 0
                }
              },
              "arrow_style": "none"
            },
            "shape": "straight",
            "caption_auto_direction": false,
            "specified_coordinate": true,
            "start_object": {
              "id": "o001:12",
              "snap_to": "bottom",
              "position": {
                "x": 0.5,
                "y": 1
              }
            },
            "end_object": {
              "id": "o001:13",
              "snap_to": "top",
              "position": {
                "x": 0.5,
                "y": 0
              }
            }
          }
        },
        {
          "id": "c001:7",
          "type": "connector",
          "x": 738,
          "y": 142,
          "width": 1,
          "height": 10,
          "style": {
            "border_opacity": 100,
            "border_width": "extra_narrow",
            "border_color": "#b8bec8",
            "border_color_type": 1,
            "border_style": "solid"
          },
          "connector": {
            "start": {
              "attached_object": {
                "id": "o001:15",
                "snap_to": "bottom",
                "position": {
                  "x": 0.5,
                  "y": 1
                }
              },
              "arrow_style": "none"
            },
            "end": {
              "attached_object": {
                "id": "o001:16",
                "snap_to": "top",
                "position": {
                  "x": 0.5,
                  "y": 0
                }
              },
              "arrow_style": "none"
            },
            "shape": "straight",
            "caption_auto_direction": false,
            "specified_coordinate": true,
            "start_object": {
              "id": "o001:15",
              "snap_to": "bottom",
              "position": {
                "x": 0.5,
                "y": 1
              }
            },
            "end_object": {
              "id": "o001:16",
              "snap_to": "top",
              "position": {
                "x": 0.5,
                "y": 0
              }
            }
          }
        },
        {
          "id": "c001:8",
          "type": "connector",
          "x": 738,
          "y": 188,
          "width": 1,
          "height": 10,
          "style": {
            "border_opacity": 100,
            "border_width": "extra_narrow",
            "border_color": "#b8bec8",
            "border_color_type": 1,
            "border_style": "solid"
          },
          "connector": {
            "start": {
              "attached_object": {
                "id": "o001:16",
                "snap_to": "bottom",
                "position": {
                  "x": 0.5,
                  "y": 1
                }
              },
              "arrow_style": "none"
            },
            "end": {
              "attached_object": {
                "id": "o001:17",
                "snap_to": "top",
                "position": {
                  "x": 0.5,
                  "y": 0
                }
              },
              "arrow_style": "none"
            },
            "shape": "straight",
            "caption_auto_direction": false,
            "specified_coordinate": true,
            "start_object": {
              "id": "o001:16",
              "snap_to": "bottom",
              "position": {
                "x": 0.5,
                "y": 1
              }
            },
            "end_object": {
              "id": "o001:17",
              "snap_to": "top",
              "position": {
                "x": 0.5,
                "y": 0
              }
            }
          }
        }
      ]
    },
    "metadata": {
      "width": 0,
      "height": 0,
      "nodeCount": 45,
      "connectorCount": 8
    },
    "quality": {
      "connectorRefs": 1,
      "anchorDirection": 1,
      "connectorStyle": 0,
      "sizeConsistency": 1,
      "bounds": 1,
      "spacing": 0.8333333333333334,
      "fontSizeCheck": 0.4,
      "contrast": 1
    }
  },
  "error": ""
}

