{
  "code": 0,
  "data": {
    "to": "openapi",
    "result": {
      "nodes": [
        {
          "id": "a001:1",
          "type": "text_shape",
          "x": 24,
          "y": 24,
          "width": 1034,
          "height": 27,
          "text": {
            "text": "B2B 订单履约 · 复杂业务泳道图",
            "font_weight": "bold",
            "font_size": 18,
            "horizontal_align": "left",
            "vertical_align": "top",
            "line_through": false,
            "underline": false,
            "italic": false,
            "angle": 0,
            "text_color": "#1f2329",
            "text_color_type": 1,
            "text_background_color_type": 0,
            "theme_text_background_color_code": -1
          }
        },
        {
          "id": "o001:1",
          "type": "composite_shape",
          "x": 24,
          "y": 66,
          "width": 1034,
          "height": 285,
          "style": {
            "border_opacity": 100,
            "border_width": "extra_narrow",
            "border_color": "#ffffff",
            "border_color_type": 1,
            "border_style": "solid",
            "fill_opacity": 100,
            "fill_color": "#ffffff",
            "fill_color_type": 1
          },
          "composite_shape": {
            "type": "round_rect"
          }
        },
        {
          "id": "o001:2",
          "type": "composite_shape",
          "x": 24,
          "y": 66,
          "width": 162,
          "height": 285,
          "style": {
            "border_opacity": 100,
            "border_width": "extra_narrow",
            "border_color": "#e4e7ed",
            "border_color_type": 1,
            "border_style": "solid",
            "fill_opacity": 100,
            "fill_color": "#eef3ff",
            "fill_color_type": 1
          },
          "composite_shape": {
            "type": "round_rect"
          }
        },
        {
          "id": "a001:2",
          "type": "text_shape",
          "x": 72,
          "y": 78,
          "width": 66,
          "height": 19,
          "text": {
            "text": "客户 / 渠道",
            "font_weight": "bold",
            "font_size": 13,
            "horizontal_align": "left",
            "vertical_align": "top",
            "line_through": false,
            "underline": false,
            "italic": false,
            "angle": 0,
            "text_color": "#1f2329",
            "text_color_type": 1,
            "text_background_color_type": 0,
            "theme_text_background_color_code": -1
          }
        },
        {
          "id": "o001:3",
          "type": "composite_shape",
          "x": 36,
          "y": 106,
          "width": 138,
          "height": 36,
          "style": {
            "border_opacity": 100,
            "border_width": "narrow",
            "border_color": "#5b7fcb",
            "border_color_type": 1,
            "border_style": "solid",
            "fill_opacity": 100,
            "fill_color": "#ffffff",
            "fill_color_type": 1
          },
          "composite_shape": {
            "type": "round_rect"
          }
        },
        {
          "id": "a001:3",
          "type": "text_shape",
          "x": 36,
          "y": 116,
          "width": 138,
          "height": 17,
          "text": {
            "text": "提交 B2B 订单",
            "font_weight": "regular",
            "font_size": 12,
            "horizontal_align": "center",
            "vertical_align": "top",
            "line_through": false,
            "underline": false,
            "italic": false,
            "angle": 0,
            "text_color": "#1f2329",
            "text_color_type": 1,
            "text_background_color_type": 0,
            "theme_text_background_color_code": -1
          }
        },
        {
          "id": "o001:4",
          "type": "composite_shape",
          "x": 36,
          "y": 152,
          "width": 138,
          "height": 36,
          "style": {
            "border_opacity": 100,
            "border_width": "narrow",
            "border_color": "#5b7fcb",
            "border_color_type": 1,
            "border_style": "solid",
            "fill_opacity": 100,
            "fill_color": "#ffffff",
            "fill_color_type": 1
          },
          "composite_shape": {
            "type": "round_rect"
          }
        },
        {
          "id": "a001:4",
          "type": "text_shape",
          "x": 36,
          "y": 162,
          "width": 138,
          "height": 17,
          "text": {
            "text": "支付与信用申请",
            "font_weight": "regular",
            "font_size": 12,
            "horizontal_align": "center",
            "vertical_align": "top",
            "line_through": false,
            "underline": false,
            "italic": false,
            "angle": 0,
            "text_color": "#1f2329",
            "text_color_type": 1,
            "text_background_color_type": 0,
            "theme_text_background_color_code": -1
          }
        },
        {
          "id": "o001:5",
          "type": "composite_shape",
          "x": 43,
          "y": 198,
          "width": 124,
          "height": 48,
          "style": {
            "border_opacity": 100,
            "border_width": "narrow",
            "border_color": "#c94c4c",
            "border_color_type": 1,
            "border_style": "solid",
            "fill_opacity": 100,
            "fill_color": "#fdebec",
            "fill_color_type": 1
          },
          "composite_shape": {
            "type": "diamond"
          }
        },
        {
          "id": "a001:5",
          "type": "text_shape",
          "x": 43,
          "y": 214,
          "width": 124,
          "height": 17,
          "text": {
            "text": "信用审核?",
            "font_weight": "regular",
            "font_size": 12,
            "horizontal_align": "center",
            "vertical_align": "top",
            "line_through": false,
            "underline": false,
            "italic": false,
            "angle": 0,
            "text_color": "#1f2329",
            "text_color_type": 1,
            "text_background_color_type": 0,
            "theme_text_background_color_code": -1
          }
        },
        {
          "id": "o001:6",
          "type": "composite_shape",
          "x": 36,
          "y": 256,
          "width": 138,
          "height": 36,
          "style": {
            "border_opacity": 100,
            "border_width": "narrow",
            "border_color": "#4b74d8",
            "border_color_type": 1,
            "border_style": "solid",
            "fill_opacity": 100,
            "fill_color": "#ffffff",
            "fill_color_type": 1
          },
          "composite_shape": {
            "type": "round_rect"
          }
        },
        {
          "id": "a001:6",
          "type": "text_shape",
          "x": 36,
          "y": 266,
          "width": 138,
          "height": 17,
          "text": {
            "text": "进入履约流程",
            "font_weight": "regular",
            "font_size": 12,
            "horizontal_align": "center",
            "vertical_align": "top",
            "line_through": false,
            "underline": false,
            "italic": false,
            "angle": 0,
            "text_color": "#1f2329",
            "text_color_type": 1,
            "text_background_color_type": 0,
            "theme_text_background_color_code": -1
          }
        },
        {
          "id": "o001:7",
          "type": "composite_shape",
          "x": 36,
          "y": 302,
          "width": 138,
          "height": 36,
          "style": {
            "border_opacity": 100,
            "border_width": "narrow",
            "border_color": "#c94c4c",
            "border_color_type": 1,
            "border_style": "solid",
            "fill_opacity": 100,
            "fill_color": "#fdebec",
            "fill_color_type": 1
          },
          "composite_shape": {
            "type": "round_rect"
          }
        },
        {
          "id": "a001:7",
          "type": "text_shape",
          "x": 36,
          "y": 312,
          "width": 138,
          "height": 17,
          "text": {
            "text": "订单驳回",
            "font_weight": "regular",
            "font_size": 12,
            "horizontal_align": "center",
            "vertical_align": "top",
            "line_through": false,
            "underline": false,
            "italic": false,
            "angle": 0,
            "text_color": "#c94c4c",
            "text_color_type": 1,
            "text_background_color_type": 0,
            "theme_text_background_color_code": -1
          }
        },
        {
          "id": "a001:8",
          "type": "text_shape",
          "x": 202,
          "y": 66,
          "width": 24,
          "height": 285,
          "text": {
            "text": "→",
            "font_weight": "regular",
            "font_size": 24,
            "horizontal_align": "left",
            "vertical_align": "top",
            "line_through": false,
            "underline": false,
            "italic": false,
            "angle": 0,
            "text_color": "#5b7fcb",
            "text_color_type": 1,
            "text_background_color_type": 0,
            "theme_text_background_color_code": -1
          }
        },
        {
          "id": "o001:8",
          "type": "composite_shape",
          "x": 242,
          "y": 66,
          "width": 162,
          "height": 285,
          "style": {
            "border_opacity": 100,
            "border_width": "extra_narrow",
            "border_color": "#e4e7ed",
            "border_color_type": 1,
            "border_style": "solid",
            "fill_opacity": 100,
            "fill_color": "#ffffff",
            "fill_color_type": 1
          },
          "composite_shape": {
            "type": "round_rect"
          }
        },
        {
          "id": "a001:9",
          "type": "text_shape",
          "x": 281,
          "y": 78,
          "width": 84,
          "height": 19,
          "text": {
            "text": "B2B 看板 前端",
            "font_weight": "bold",
            "font_size": 13,
            "horizontal_align": "left",
            "vertical_align": "top",
            "line_through": false,
            "underline": false,
            "italic": false,
            "angle": 0,
            "text_color": "#1f2329",
            "text_color_type": 1,
            "text_background_color_type": 0,
            "theme_text_background_color_code": -1
          }
        },
        {
          "id": "o001:9",
          "type": "composite_shape",
          "x": 254,
          "y": 106,
          "width": 138,
          "height": 36,
          "style": {
            "border_opacity": 100,
            "border_width": "narrow",
            "border_color": "#5b7fcb",
            "border_color_type": 1,
            "border_style": "solid",
            "fill_opacity": 100,
            "fill_color": "#ffffff",
            "fill_color_type": 1
          },
          "composite_shape": {
            "type": "round_rect"
          }
        },
        {
          "id": "a001:10",
          "type": "text_shape",
          "x": 254,
          "y": 116,
          "width": 138,
          "height": 17,
          "text": {
            "text": "展示订单与状态",
            "font_weight": "regular",
            "font_size": 12,
            "horizontal_align": "center",
            "vertical_align": "top",
            "line_through": false,
            "underline": false,
            "italic": false,
            "angle": 0,
            "text_color": "#1f2329",
            "text_color_type": 1,
            "text_background_color_type": 0,
            "theme_text_background_color_code": -1
          }
        },
        {
          "id": "o001:10",
          "type": "composite_shape",
          "x": 254,
          "y": 152,
          "width": 138,
          "height": 36,
          "style": {
            "border_opacity": 100,
            "border_width": "narrow",
            "border_color": "#5b7fcb",
            "border_color_type": 1,
            "border_style": "solid",
            "fill_opacity": 100,
            "fill_color": "#ffffff",
            "fill_color_type": 1
          },
          "composite_shape": {
            "type": "round_rect"
          }
        },
        {
          "id": "a001:11",
          "type": "text_shape",
          "x": 254,
          "y": 162,
          "width": 138,
          "height": 17,
          "text": {
            "text": "校验 / 拦截入口",
            "font_weight": "regular",
            "font_size": 12,
            "horizontal_align": "center",
            "vertical_align": "top",
            "line_through": false,
            "underline": false,
            "italic": false,
            "angle": 0,
            "text_color": "#1f2329",
            "text_color_type": 1,
            "text_background_color_type": 0,
            "theme_text_background_color_code": -1
          }
        },
        {
          "id": "o001:11",
          "type": "composite_shape",
          "x": 254,
          "y": 198,
          "width": 138,
          "height": 36,
          "style": {
            "border_opacity": 100,
            "border_width": "narrow",
            "border_color": "#5b7fcb",
            "border_color_type": 1,
            "border_style": "solid",
            "fill_opacity": 100,
            "fill_color": "#ffffff",
            "fill_color_type": 1
          },
          "composite_shape": {
            "type": "round_rect"
          }
        },
        {
          "id": "a001:12",
          "type": "text_shape",
          "x": 254,
          "y": 208,
          "width": 138,
          "height": 17,
          "text": {
            "text": "导出与轨迹跟踪",
            "font_weight": "regular",
            "font_size": 12,
            "horizontal_align": "center",
            "vertical_align": "top",
            "line_through": false,
            "underline": false,
            "italic": false,
            "angle": 0,
            "text_color": "#1f2329",
            "text_color_type": 1,
            "text_background_color_type": 0,
            "theme_text_background_color_code": -1
          }
        },
        {
          "id": "o001:12",
          "type": "composite_shape",
          "x": 254,
          "y": 244,
          "width": 138,
          "height": 36,
          "style": {
            "border_opacity": 100,
            "border_width": "narrow",
            "border_color": "#4e9d6d",
            "border_color_type": 1,
            "border_style": "solid",
            "fill_opacity": 100,
            "fill_color": "#eaf7ee",
            "fill_color_type": 1
          },
          "composite_shape": {
            "type": "round_rect"
          }
        },
        {
          "id": "a001:13",
          "type": "text_shape",
          "x": 254,
          "y": 254,
          "width": 138,
          "height": 17,
          "text": {
            "text": "回执确认",
            "font_weight": "regular",
            "font_size": 12,
            "horizontal_align": "center",
            "vertical_align": "top",
            "line_through": false,
            "underline": false,
            "italic": false,
            "angle": 0,
            "text_color": "#1f2329",
            "text_color_type": 1,
            "text_background_color_type": 0,
            "theme_text_background_color_code": -1
          }
        },
        {
          "id": "a001:14",
          "type": "text_shape",
          "x": 420,
          "y": 66,
          "width": 24,
          "height": 285,
          "text": {
            "text": "→",
            "font_weight": "regular",
            "font_size": 24,
            "horizontal_align": "left",
            "vertical_align": "top",
            "line_through": false,
            "underline": false,
            "italic": false,
            "angle": 0,
            "text_color": "#5b7fcb",
            "text_color_type": 1,
            "text_background_color_type": 0,
            "theme_text_background_color_code": -1
          }
        },
        {
          "id": "o001:13",
          "type": "composite_shape",
          "x": 460,
          "y": 66,
          "width": 162,
          "height": 285,
          "style": {
            "border_opacity": 100,
            "border_width": "extra_narrow",
            "border_color": "#e4e7ed",
            "border_color_type": 1,
            "border_style": "solid",
            "fill_opacity": 100,
            "fill_color": "#ffffff",
            "fill_color_type": 1
          },
          "composite_shape": {
            "type": "round_rect"
          }
        },
        {
          "id": "a001:15",
          "type": "text_shape",
          "x": 497,
          "y": 78,
          "width": 88,
          "height": 19,
          "text": {
            "text": "OMS 订单中心",
            "font_weight": "bold",
            "font_size": 13,
            "horizontal_align": "left",
            "vertical_align": "top",
            "line_through": false,
            "underline": false,
            "italic": false,
            "angle": 0,
            "text_color": "#1f2329",
            "text_color_type": 1,
            "text_background_color_type": 0,
            "theme_text_background_color_code": -1
          }
        },
        {
          "id": "o001:14",
          "type": "composite_shape",
          "x": 472,
          "y": 106,
          "width": 138,
          "height": 36,
          "style": {
            "border_opacity": 100,
            "border_width": "narrow",
            "border_color": "#5b7fcb",
            "border_color_type": 1,
            "border_style": "solid",
            "fill_opacity": 100,
            "fill_color": "#ffffff",
            "fill_color_type": 1
          },
          "composite_shape": {
            "type": "round_rect"
          }
        },
        {
          "id": "a001:16",
          "type": "text_shape",
          "x": 472,
          "y": 116,
          "width": 138,
          "height": 17,
          "text": {
            "text": "订单接入校验",
            "font_weight": "regular",
            "font_size": 12,
            "horizontal_align": "center",
            "vertical_align": "top",
            "line_through": false,
            "underline": false,
            "italic": false,
            "angle": 0,
            "text_color": "#1f2329",
            "text_color_type": 1,
            "text_background_color_type": 0,
            "theme_text_background_color_code": -1
          }
        },
        {
          "id": "o001:15",
          "type": "composite_shape",
          "x": 479,
          "y": 152,
          "width": 124,
          "height": 48,
          "style": {
            "border_opacity": 100,
            "border_width": "narrow",
            "border_color": "#c8a33e",
            "border_color_type": 1,
            "border_style": "solid",
            "fill_opacity": 100,
            "fill_color": "#fff4d9",
            "fill_color_type": 1
          },
          "composite_shape": {
            "type": "diamond"
          }
        },
        {
          "id": "a001:17",
          "type": "text_shape",
          "x": 479,
          "y": 168,
          "width": 124,
          "height": 17,
          "text": {
            "text": "风控审核?",
            "font_weight": "regular",
            "font_size": 12,
            "horizontal_align": "center",
            "vertical_align": "top",
            "line_through": false,
            "underline": false,
            "italic": false,
            "angle": 0,
            "text_color": "#1f2329",
            "text_color_type": 1,
            "text_background_color_type": 0,
            "theme_text_background_color_code": -1
          }
        },
        {
          "id": "o001:16",
          "type": "composite_shape",
          "x": 472,
          "y": 210,
          "width": 138,
          "height": 36,
          "style": {
            "border_opacity": 100,
            "border_width": "narrow",
            "border_color": "#3b82f6",
            "border_color_type": 1,
            "border_style": "solid",
            "fill_opacity": 100,
            "fill_color": "#eff6ff",
            "fill_color_type": 1
          },
          "composite_shape": {
            "type": "round_rect"
          }
        },
        {
          "id": "a001:18",
          "type": "text_shape",
          "x": 472,
          "y": 220,
          "width": 138,
          "height": 17,
          "text": {
            "text": "拆单与仓库分配",
            "font_weight": "regular",
            "font_size": 12,
            "horizontal_align": "center",
            "vertical_align": "top",
            "line_through": false,
            "underline": false,
            "italic": false,
            "angle": 0,
            "text_color": "#1f2329",
            "text_color_type": 1,
            "text_background_color_type": 0,
            "theme_text_background_color_code": -1
          }
        },
        {
          "id": "o001:17",
          "type": "composite_shape",
          "x": 472,
          "y": 256,
          "width": 138,
          "height": 36,
          "style": {
            "border_opacity": 100,
            "border_width": "narrow",
            "border_color": "#5b7fcb",
            "border_color_type": 1,
            "border_style": "solid",
            "fill_opacity": 100,
            "fill_color": "#4b74d8",
            "fill_color_type": 1
          },
          "composite_shape": {
            "type": "round_rect"
          }
        },
        {
          "id": "a001:19",
          "type": "text_shape",
          "x": 472,
          "y": 266,
          "width": 138,
          "height": 17,
          "text": {
            "text": "生成履约单",
            "font_weight": "regular",
            "font_size": 12,
            "horizontal_align": "center",
            "vertical_align": "top",
            "line_through": false,
            "underline": false,
            "italic": false,
            "angle": 0,
            "text_color": "#ffffff",
            "text_color_type": 1,
            "text_background_color_type": 0,
            "theme_text_background_color_code": -1
          }
        },
        {
          "id": "o001:18",
          "type": "composite_shape",
          "x": 472,
          "y": 302,
          "width": 138,
          "height": 36,
          "style": {
            "border_opacity": 100,
            "border_width": "narrow",
            "border_color": "#c94c4c",
            "border_color_type": 1,
            "border_style": "solid",
            "fill_opacity": 100,
            "fill_color": "#fdebec",
            "fill_color_type": 1
          },
          "composite_shape": {
            "type": "round_rect"
          }
        },
        {
          "id": "a001:20",
          "type": "text_shape",
          "x": 472,
          "y": 312,
          "width": 138,
          "height": 17,
          "text": {
            "text": "拦截 / 挂起",
            "font_weight": "regular",
            "font_size": 12,
            "horizontal_align": "center",
            "vertical_align": "top",
            "line_through": false,
            "underline": false,
            "italic": false,
            "angle": 0,
            "text_color": "#c94c4c",
            "text_color_type": 1,
            "text_background_color_type": 0,
            "theme_text_background_color_code": -1
          }
        },
        {
          "id": "a001:21",
          "type": "text_shape",
          "x": 638,
          "y": 66,
          "width": 24,
          "height": 285,
          "text": {
            "text": "→",
            "font_weight": "regular",
            "font_size": 24,
            "horizontal_align": "left",
            "vertical_align": "top",
            "line_through": false,
            "underline": false,
            "italic": false,
            "angle": 0,
            "text_color": "#5b7fcb",
            "text_color_type": 1,
            "text_background_color_type": 0,
            "theme_text_background_color_code": -1
          }
        },
        {
          "id": "o001:19",
          "type": "composite_shape",
          "x": 678,
          "y": 66,
          "width": 162,
          "height": 285,
          "style": {
            "border_opacity": 100,
            "border_width": "extra_narrow",
            "border_color": "#e4e7ed",
            "border_color_type": 1,
            "border_style": "solid",
            "fill_opacity": 100,
            "fill_color": "#ffffff",
            "fill_color_type": 1
          },
          "composite_shape": {
            "type": "round_rect"
          }
        },
        {
          "id": "a001:22",
          "type": "text_shape",
          "x": 707,
          "y": 78,
          "width": 104,
          "height": 19,
          "text": {
            "text": "履约 / 仓配 WMS",
            "font_weight": "bold",
            "font_size": 13,
            "horizontal_align": "left",
            "vertical_align": "top",
            "line_through": false,
            "underline": false,
            "italic": false,
            "angle": 0,
            "text_color": "#1f2329",
            "text_color_type": 1,
            "text_background_color_type": 0,
            "theme_text_background_color_code": -1
          }
        },
        {
          "id": "o001:20",
          "type": "composite_shape",
          "x": 690,
          "y": 106,
          "width": 138,
          "height": 36,
          "style": {
            "border_opacity": 100,
            "border_width": "narrow",
            "border_color": "#5b7fcb",
            "border_color_type": 1,
            "border_style": "solid",
            "fill_opacity": 100,
            "fill_color": "#ffffff",
            "fill_color_type": 1
          },
          "composite_shape": {
            "type": "round_rect"
          }
        },
        {
          "id": "a001:23",
          "type": "text_shape",
          "x": 690,
          "y": 116,
          "width": 138,
          "height": 17,
          "text": {
            "text": "仓库接收",
            "font_weight": "regular",
            "font_size": 12,
            "horizontal_align": "center",
            "vertical_align": "top",
            "line_through": false,
            "underline": false,
            "italic": false,
            "angle": 0,
            "text_color": "#1f2329",
            "text_color_type": 1,
            "text_background_color_type": 0,
            "theme_text_background_color_code": -1
          }
        },
        {
          "id": "o001:21",
          "type": "composite_shape",
          "x": 690,
          "y": 152,
          "width": 138,
          "height": 36,
          "style": {
            "border_opacity": 100,
            "border_width": "narrow",
            "border_color": "#5b7fcb",
            "border_color_type": 1,
            "border_style": "solid",
            "fill_opacity": 100,
            "fill_color": "#ffffff",
            "fill_color_type": 1
          },
          "composite_shape": {
            "type": "round_rect"
          }
        },
        {
          "id": "a001:24",
          "type": "text_shape",
          "x": 690,
          "y": 162,
          "width": 138,
          "height": 17,
          "text": {
            "text": "拣货打包",
            "font_weight": "regular",
            "font_size": 12,
            "horizontal_align": "center",
            "vertical_align": "top",
            "line_through": false,
            "underline": false,
            "italic": false,
            "angle": 0,
            "text_color": "#1f2329",
            "text_color_type": 1,
            "text_background_color_type": 0,
            "theme_text_background_color_code": -1
          }
        },
        {
          "id": "o001:22",
          "type": "composite_shape",
          "x": 690,
          "y": 198,
          "width": 138,
          "height": 36,
          "style": {
            "border_opacity": 100,
            "border_width": "narrow",
            "border_color": "#5b7fcb",
            "border_color_type": 1,
            "border_style": "solid",
            "fill_opacity": 100,
            "fill_color": "#ffffff",
            "fill_color_type": 1
          },
          "composite_shape": {
            "type": "round_rect"
          }
        },
        {
          "id": "a001:25",
          "type": "text_shape",
          "x": 690,
          "y": 208,
          "width": 138,
          "height": 17,
          "text": {
            "text": "发货交接",
            "font_weight": "regular",
            "font_size": 12,
            "horizontal_align": "center",
            "vertical_align": "top",
            "line_through": false,
            "underline": false,
            "italic": false,
            "angle": 0,
            "text_color": "#1f2329",
            "text_color_type": 1,
            "text_background_color_type": 0,
            "theme_text_background_color_code": -1
          }
        },
        {
          "id": "o001:23",
          "type": "composite_shape",
          "x": 690,
          "y": 244,
          "width": 138,
          "height": 36,
          "style": {
            "border_opacity": 100,
            "border_width": "narrow",
            "border_color": "#5b7fcb",
            "border_color_type": 1,
            "border_style": "solid",
            "fill_opacity": 100,
            "fill_color": "#ffffff",
            "fill_color_type": 1
          },
          "composite_shape": {
            "type": "round_rect"
          }
        },
        {
          "id": "a001:26",
          "type": "text_shape",
          "x": 690,
          "y": 254,
          "width": 138,
          "height": 17,
          "text": {
            "text": "轨迹上报",
            "font_weight": "regular",
            "font_size": 12,
            "horizontal_align": "center",
            "vertical_align": "top",
            "line_through": false,
            "underline": false,
            "italic": false,
            "angle": 0,
            "text_color": "#1f2329",
            "text_color_type": 1,
            "text_background_color_type": 0,
            "theme_text_background_color_code": -1
          }
        },
        {
          "id": "a001:27",
          "type": "text_shape",
          "x": 856,
          "y": 66,
          "width": 24,
          "height": 285,
          "text": {
            "text": "→",
            "font_weight": "regular",
            "font_size": 24,
            "horizontal_align": "left",
            "vertical_align": "top",
            "line_through": false,
            "underline": false,
            "italic": false,
            "angle": 0,
            "text_color": "#5b7fcb",
            "text_color_type": 1,
            "text_background_color_type": 0,
            "theme_text_background_color_code": -1
          }
        },
        {
          "id": "o001:24",
          "type": "composite_shape",
          "x": 896,
          "y": 66,
          "width": 162,
          "height": 285,
          "style": {
            "border_opacity": 100,
            "border_width": "extra_narrow",
            "border_color": "#e4e7ed",
            "border_color_type": 1,
            "border_style": "solid",
            "fill_opacity": 100,
            "fill_color": "#ffffff",
            "fill_color_type": 1
          },
          "composite_shape": {
            "type": "round_rect"
          }
        },
        {
          "id": "a001:28",
          "type": "text_shape",
          "x": 937,
          "y": 78,
          "width": 80,
          "height": 19,
          "text": {
            "text": "财务计费 FCS",
            "font_weight": "bold",
            "font_size": 13,
            "horizontal_align": "left",
            "vertical_align": "top",
            "line_through": false,
            "underline": false,
            "italic": false,
            "angle": 0,
            "text_color": "#1f2329",
            "text_color_type": 1,
            "text_background_color_type": 0,
            "theme_text_background_color_code": -1
          }
        },
        {
          "id": "o001:25",
          "type": "composite_shape",
          "x": 908,
          "y": 106,
          "width": 138,
          "height": 36,
          "style": {
            "border_opacity": 100,
            "border_width": "narrow",
            "border_color": "#5b7fcb",
            "border_color_type": 1,
            "border_style": "solid",
            "fill_opacity": 100,
            "fill_color": "#ffffff",
            "fill_color_type": 1
          },
          "composite_shape": {
            "type": "round_rect"
          }
        },
        {
          "id": "a001:29",
          "type": "text_shape",
          "x": 908,
          "y": 116,
          "width": 138,
          "height": 17,
          "text": {
            "text": "计费核算",
            "font_weight": "regular",
            "font_size": 12,
            "horizontal_align": "center",
            "vertical_align": "top",
            "line_through": false,
            "underline": false,
            "italic": false,
            "angle": 0,
            "text_color": "#1f2329",
            "text_color_type": 1,
            "text_background_color_type": 0,
            "theme_text_background_color_code": -1
          }
        },
        {
          "id": "o001:26",
          "type": "composite_shape",
          "x": 915,
          "y": 152,
          "width": 124,
          "height": 48,
          "style": {
            "border_opacity": 100,
            "border_width": "narrow",
            "border_color": "#4e9d6d",
            "border_color_type": 1,
            "border_style": "solid",
            "fill_opacity": 100,
            "fill_color": "#eaf7ee",
            "fill_color_type": 1
          },
          "composite_shape": {
            "type": "diamond"
          }
        },
        {
          "id": "a001:30",
          "type": "text_shape",
          "x": 915,
          "y": 168,
          "width": 124,
          "height": 17,
          "text": {
            "text": "账期类型?",
            "font_weight": "regular",
            "font_size": 12,
            "horizontal_align": "center",
            "vertical_align": "top",
            "line_through": false,
            "underline": false,
            "italic": false,
            "angle": 0,
            "text_color": "#1f2329",
            "text_color_type": 1,
            "text_background_color_type": 0,
            "theme_text_background_color_code": -1
          }
        },
        {
          "id": "o001:27",
          "type": "composite_shape",
          "x": 908,
          "y": 210,
          "width": 138,
          "height": 36,
          "style": {
            "border_opacity": 100,
            "border_width": "narrow",
            "border_color": "#3b82f6",
            "border_color_type": 1,
            "border_style": "solid",
            "fill_opacity": 100,
            "fill_color": "#eff6ff",
            "fill_color_type": 1
          },
          "composite_shape": {
            "type": "round_rect"
          }
        },
        {
          "id": "a001:31",
          "type": "text_shape",
          "x": 908,
          "y": 220,
          "width": 138,
          "height": 17,
          "text": {
            "text": "现结开票",
            "font_weight": "regular",
            "font_size": 12,
            "horizontal_align": "center",
            "vertical_align": "top",
            "line_through": false,
            "underline": false,
            "italic": false,
            "angle": 0,
            "text_color": "#1f2329",
            "text_color_type": 1,
            "text_background_color_type": 0,
            "theme_text_background_color_code": -1
          }
        },
        {
          "id": "o001:28",
          "type": "composite_shape",
          "x": 908,
          "y": 256,
          "width": 138,
          "height": 36,
          "style": {
            "border_opacity": 100,
            "border_width": "narrow",
            "border_color": "#3b82f6",
            "border_color_type": 1,
            "border_style": "solid",
            "fill_opacity": 100,
            "fill_color": "#eff6ff",
            "fill_color_type": 1
          },
          "composite_shape": {
            "type": "round_rect"
          }
        },
        {
          "id": "a001:32",
          "type": "text_shape",
          "x": 908,
          "y": 266,
          "width": 138,
          "height": 17,
          "text": {
            "text": "月结挂账",
            "font_weight": "regular",
            "font_size": 12,
            "horizontal_align": "center",
            "vertical_align": "top",
            "line_through": false,
            "underline": false,
            "italic": false,
            "angle": 0,
            "text_color": "#1f2329",
            "text_color_type": 1,
            "text_background_color_type": 0,
            "theme_text_background_color_code": -1
          }
        },
        {
          "id": "o001:29",
          "type": "composite_shape",
          "x": 908,
          "y": 302,
          "width": 138,
          "height": 36,
          "style": {
            "border_opacity": 100,
            "border_width": "narrow",
            "border_color": "#5b7fcb",
            "border_color_type": 1,
            "border_style": "solid",
            "fill_opacity": 100,
            "fill_color": "#4b74d8",
            "fill_color_type": 1
          },
          "composite_shape": {
            "type": "round_rect"
          }
        },
        {
          "id": "a001:33",
          "type": "text_shape",
          "x": 908,
          "y": 312,
          "width": 138,
          "height": 17,
          "text": {
            "text": "对账闭环",
            "font_weight": "regular",
            "font_size": 12,
            "horizontal_align": "center",
            "vertical_align": "top",
            "line_through": false,
            "underline": false,
            "italic": false,
            "angle": 0,
            "text_color": "#ffffff",
            "text_color_type": 1,
            "text_background_color_type": 0,
            "theme_text_background_color_code": -1
          }
        },
        {
          "id": "c001:1",
          "type": "connector",
          "x": 105,
          "y": 142,
          "width": 1,
          "height": 10,
          "style": {
            "border_opacity": 100,
            "border_width": "extra_narrow",
            "border_color": "#b8bec8",
            "border_color_type": 1,
            "border_style": "solid"
          },
          "connector": {
            "start": {
              "attached_object": {
                "id": "o001:3",
                "snap_to": "bottom",
                "position": {
                  "x": 0.5,
                  "y": 1
                }
              },
              "arrow_style": "none"
            },
            "end": {
              "attached_object": {
                "id": "o001:4",
                "snap_to": "top",
                "position": {
                  "x": 0.5,
                  "y": 0
                }
              },
              "arrow_style": "line_arrow"
            },
            "shape": "straight",
            "caption_auto_direction": false,
            "specified_coordinate": true,
            "start_object": {
              "id": "o001:3",
              "snap_to": "bottom",
              "position": {
                "x": 0.5,
                "y": 1
              }
            },
            "end_object": {
              "id": "o001:4",
              "snap_to": "top",
              "position": {
                "x": 0.5,
                "y": 0
              }
            }
          }
        },
        {
          "id": "c001:2",
          "type": "connector",
          "x": 105,
          "y": 188,
          "width": 1,
          "height": 10,
          "style": {
            "border_opacity": 100,
            "border_width": "extra_narrow",
            "border_color": "#b8bec8",
            "border_color_type": 1,
            "border_style": "solid"
          },
          "connector": {
            "start": {
              "attached_object": {
                "id": "o001:4",
                "snap_to": "bottom",
                "position": {
                  "x": 0.5,
                  "y": 1
                }
              },
              "arrow_style": "none"
            },
            "end": {
              "attached_object": {
                "id": "o001:5",
                "snap_to": "top",
                "position": {
                  "x": 0.5,
                  "y": 0
                }
              },
              "arrow_style": "line_arrow"
            },
            "shape": "straight",
            "caption_auto_direction": false,
            "specified_coordinate": true,
            "start_object": {
              "id": "o001:4",
              "snap_to": "bottom",
              "position": {
                "x": 0.5,
                "y": 1
              }
            },
            "end_object": {
              "id": "o001:5",
              "snap_to": "top",
              "position": {
                "x": 0.5,
                "y": 0
              }
            }
          }
        },
        {
          "id": "c001:3",
          "type": "connector",
          "x": 105,
          "y": 246,
          "width": 1,
          "height": 10,
          "style": {
            "border_opacity": 100,
            "border_width": "extra_narrow",
            "border_color": "#b8bec8",
            "border_color_type": 1,
            "border_style": "solid"
          },
          "connector": {
            "start": {
              "attached_object": {
                "id": "o001:5",
                "snap_to": "bottom",
                "position": {
                  "x": 0.5,
                  "y": 1
                }
              },
              "arrow_style": "none"
            },
            "end": {
              "attached_object": {
                "id": "o001:6",
                "snap_to": "top",
                "position": {
                  "x": 0.5,
                  "y": 0
                }
              },
              "arrow_style": "line_arrow"
            },
            "shape": "straight",
            "captions": {
              "data": [
                {
                  "text": "是",
                  "font_weight": "regular",
                  "font_size": 14,
                  "horizontal_align": "left",
                  "vertical_align": "top",
                  "line_through": false,
                  "underline": false,
                  "italic": false,
                  "angle": 0,
                  "text_color": "#1f2329",
                  "text_color_type": 0,
                  "text_background_color_type": 0,
                  "theme_text_color_code": -1,
                  "theme_text_background_color_code": -1
                }
              ]
            },
            "caption_auto_direction": false,
            "specified_coordinate": true,
            "caption_position": 0.5,
            "start_object": {
              "id": "o001:5",
              "snap_to": "bottom",
              "position": {
                "x": 0.5,
                "y": 1
              }
            },
            "end_object": {
              "id": "o001:6",
              "snap_to": "top",
              "position": {
                "x": 0.5,
                "y": 0
              }
            }
          }
        },
        {
          "id": "c001:4",
          "type": "connector",
          "x": 23,
          "y": 222,
          "width": 82,
          "height": 80,
          "style": {
            "border_opacity": 100,
            "border_width": "extra_narrow",
            "border_color": "#c94c4c",
            "border_color_type": 1,
            "border_style": "solid"
          },
          "connector": {
            "start": {
              "attached_object": {
                "id": "o001:5",
                "snap_to": "left",
                "position": {
                  "x": 0,
                  "y": 0.5
                }
              },
              "arrow_style": "none"
            },
            "end": {
              "attached_object": {
                "id": "o001:7",
                "snap_to": "top",
                "position": {
                  "x": 0.5,
                  "y": 0
                }
              },
              "arrow_style": "line_arrow"
            },
            "shape": "right_angled_polyline",
            "captions": {
              "data": [
                {
                  "text": "否",
                  "font_weight": "regular",
                  "font_size": 14,
                  "horizontal_align": "left",
                  "vertical_align": "top",
                  "line_through": false,
                  "underline": false,
                  "italic": false,
                  "angle": 0,
                  "text_color": "#1f2329",
                  "text_color_type": 0,
                  "text_background_color_type": 0,
                  "theme_text_color_code": -1,
                  "theme_text_background_color_code": -1
                }
              ]
            },
            "turning_points": [
              {
                "x": 0,
                "y": 0
              },
              {
                "x": 0,
                "y": 77.5
              },
              {
                "x": 82,
                "y": 77.5
              }
            ],
            "caption_auto_direction": false,
            "specified_coordinate": true,
            "caption_position": 0.760989010989011,
            "start_object": {
              "id": "o001:5",
              "snap_to": "left",
              "position": {
                "x": 0,
                "y": 0.5
              }
            },
            "end_object": {
              "id": "o001:7",
              "snap_to": "top",
              "position": {
                "x": 0.5,
                "y": 0
              }
            }
          }
        },
        {
          "id": "c001:5",
          "type": "connector",
          "x": 323,
          "y": 142,
          "width": 1,
          "height": 10,
          "style": {
            "border_opacity": 100,
            "border_width": "extra_narrow",
            "border_color": "#b8bec8",
            "border_color_type": 1,
            "border_style": "solid"
          },
          "connector": {
            "start": {
              "attached_object": {
                "id": "o001:9",
                "snap_to": "bottom",
                "position": {
                  "x": 0.5,
                  "y": 1
                }
              },
              "arrow_style": "none"
            },
            "end": {
              "attached_object": {
                "id": "o001:10",
                "snap_to": "top",
                "position": {
                  "x": 0.5,
                  "y": 0
                }
              },
              "arrow_style": "line_arrow"
            },
            "shape": "straight",
            "caption_auto_direction": false,
            "specified_coordinate": true,
            "start_object": {
              "id": "o001:9",
              "snap_to": "bottom",
              "position": {
                "x": 0.5,
                "y": 1
              }
            },
            "end_object": {
              "id": "o001:10",
              "snap_to": "top",
              "position": {
                "x": 0.5,
                "y": 0
              }
            }
          }
        },
        {
          "id": "c001:6",
          "type": "connector",
          "x": 323,
          "y": 188,
          "width": 1,
          "height": 10,
          "style": {
            "border_opacity": 100,
            "border_width": "extra_narrow",
            "border_color": "#b8bec8",
            "border_color_type": 1,
            "border_style": "solid"
          },
          "connector": {
            "start": {
              "attached_object": {
                "id": "o001:10",
                "snap_to": "bottom",
                "position": {
                  "x": 0.5,
                  "y": 1
                }
              },
              "arrow_style": "none"
            },
            "end": {
              "attached_object": {
                "id": "o001:11",
                "snap_to": "top",
                "position": {
                  "x": 0.5,
                  "y": 0
                }
              },
              "arrow_style": "line_arrow"
            },
            "shape": "straight",
            "caption_auto_direction": false,
            "specified_coordinate": true,
            "start_object": {
              "id": "o001:10",
              "snap_to": "bottom",
              "position": {
                "x": 0.5,
                "y": 1
              }
            },
            "end_object": {
              "id": "o001:11",
              "snap_to": "top",
              "position": {
                "x": 0.5,
                "y": 0
              }
            }
          }
        },
        {
          "id": "c001:7",
          "type": "connector",
          "x": 323,
          "y": 234,
          "width": 1,
          "height": 10,
          "style": {
            "border_opacity": 100,
            "border_width": "extra_narrow",
            "border_color": "#b8bec8",
            "border_color_type": 1,
            "border_style": "solid"
          },
          "connector": {
            "start": {
              "attached_object": {
                "id": "o001:11",
                "snap_to": "bottom",
                "position": {
                  "x": 0.5,
                  "y": 1
                }
              },
              "arrow_style": "none"
            },
            "end": {
              "attached_object": {
                "id": "o001:12",
                "snap_to": "top",
                "position": {
                  "x": 0.5,
                  "y": 0
                }
              },
              "arrow_style": "line_arrow"
            },
            "shape": "straight",
            "caption_auto_direction": false,
            "specified_coordinate": true,
            "start_object": {
              "id": "o001:11",
              "snap_to": "bottom",
              "position": {
                "x": 0.5,
                "y": 1
              }
            },
            "end_object": {
              "id": "o001:12",
              "snap_to": "top",
              "position": {
                "x": 0.5,
                "y": 0
              }
            }
          }
        },
        {
          "id": "c001:8",
          "type": "connector",
          "x": 541,
          "y": 142,
          "width": 1,
          "height": 10,
          "style": {
            "border_opacity": 100,
            "border_width": "extra_narrow",
            "border_color": "#b8bec8",
            "border_color_type": 1,
            "border_style": "solid"
          },
          "connector": {
            "start": {
              "attached_object": {
                "id": "o001:14",
                "snap_to": "bottom",
                "position": {
                  "x": 0.5,
                  "y": 1
                }
              },
              "arrow_style": "none"
            },
            "end": {
              "attached_object": {
                "id": "o001:15",
                "snap_to": "top",
                "position": {
                  "x": 0.5,
                  "y": 0
                }
              },
              "arrow_style": "line_arrow"
            },
            "shape": "straight",
            "caption_auto_direction": false,
            "specified_coordinate": true,
            "start_object": {
              "id": "o001:14",
              "snap_to": "bottom",
              "position": {
                "x": 0.5,
                "y": 1
              }
            },
            "end_object": {
              "id": "o001:15",
              "snap_to": "top",
              "position": {
                "x": 0.5,
                "y": 0
              }
            }
          }
        },
        {
          "id": "c001:9",
          "type": "connector",
          "x": 541,
          "y": 200,
          "width": 1,
          "height": 10,
          "style": {
            "border_opacity": 100,
            "border_width": "extra_narrow",
            "border_color": "#b8bec8",
            "border_color_type": 1,
            "border_style": "solid"
          },
          "connector": {
            "start": {
              "attached_object": {
                "id": "o001:15",
                "snap_to": "bottom",
                "position": {
                  "x": 0.5,
                  "y": 1
                }
              },
              "arrow_style": "none"
            },
            "end": {
              "attached_object": {
                "id": "o001:16",
                "snap_to": "top",
                "position": {
                  "x": 0.5,
                  "y": 0
                }
              },
              "arrow_style": "line_arrow"
            },
            "shape": "straight",
            "captions": {
              "data": [
                {
                  "text": "通过",
                  "font_weight": "regular",
                  "font_size": 14,
                  "horizontal_align": "left",
                  "vertical_align": "top",
                  "line_through": false,
                  "underline": false,
                  "italic": false,
                  "angle": 0,
                  "text_color": "#1f2329",
                  "text_color_type": 0,
                  "text_background_color_type": 0,
                  "theme_text_color_code": -1,
                  "theme_text_background_color_code": -1
                }
              ]
            },
            "caption_auto_direction": false,
            "specified_coordinate": true,
            "caption_position": 0.5,
            "start_object": {
              "id": "o001:15",
              "snap_to": "bottom",
              "position": {
                "x": 0.5,
                "y": 1
              }
            },
            "end_object": {
              "id": "o001:16",
              "snap_to": "top",
              "position": {
                "x": 0.5,
                "y": 0
              }
            }
          }
        },
        {
          "id": "c001:10",
          "type": "connector",
          "x": 459,
          "y": 177,
          "width": 82,
          "height": 125,
          "style": {
            "border_opacity": 100,
            "border_width": "extra_narrow",
            "border_color": "#c94c4c",
            "border_color_type": 1,
            "border_style": "solid"
          },
          "connector": {
            "start": {
              "attached_object": {
                "id": "o001:15",
                "snap_to": "left",
                "position": {
                  "x": 0,
                  "y": 0.5208333333333334
                }
              },
              "arrow_style": "none"
            },
            "end": {
              "attached_object": {
                "id": "o001:18",
                "snap_to": "top",
                "position": {
                  "x": 0.5,
                  "y": 0
                }
              },
              "arrow_style": "line_arrow"
            },
            "shape": "right_angled_polyline",
            "captions": {
              "data": [
                {
                  "text": "不通过",
                  "font_weight": "regular",
                  "font_size": 14,
                  "horizontal_align": "left",
                  "vertical_align": "top",
                  "line_through": false,
                  "underline": false,
                  "italic": false,
                  "angle": 0,
                  "text_color": "#1f2329",
                  "text_color_type": 0,
                  "text_background_color_type": 0,
                  "theme_text_color_code": -1,
                  "theme_text_background_color_code": -1
                }
              ]
            },
            "turning_points": [
              {
                "x": 0,
                "y": 0
              },
              {
                "x": 0,
                "y": 122.5
              },
              {
                "x": 82,
                "y": 122.5
              }
            ],
            "caption_auto_direction": false,
            "specified_coordinate": true,
            "caption_position": 0.3579295154185022,
            "start_object": {
              "id": "o001:15",
              "snap_to": "left",
              "position": {
                "x": 0,
                "y": 0.5208333333333334
              }
            },
            "end_object": {
              "id": "o001:18",
              "snap_to": "top",
              "position": {
                "x": 0.5,
                "y": 0
              }
            }
          }
        },
        {
          "id": "c001:11",
          "type": "connector",
          "x": 541,
          "y": 246,
          "width": 1,
          "height": 10,
          "style": {
            "border_opacity": 100,
            "border_width": "extra_narrow",
            "border_color": "#b8bec8",
            "border_color_type": 1,
            "border_style": "solid"
          },
          "connector": {
            "start": {
              "attached_object": {
                "id": "o001:16",
                "snap_to": "bottom",
                "position": {
                  "x": 0.5,
                  "y": 1
                }
              },
              "arrow_style": "none"
            },
            "end": {
              "attached_object": {
                "id": "o001:17",
                "snap_to": "top",
                "position": {
                  "x": 0.5,
                  "y": 0
                }
              },
              "arrow_style": "line_arrow"
            },
            "shape": "straight",
            "caption_auto_direction": false,
            "specified_coordinate": true,
            "start_object": {
              "id": "o001:16",
              "snap_to": "bottom",
              "position": {
                "x": 0.5,
                "y": 1
              }
            },
            "end_object": {
              "id": "o001:17",
              "snap_to": "top",
              "position": {
                "x": 0.5,
                "y": 0
              }
            }
          }
        },
        {
          "id": "c001:12",
          "type": "connector",
          "x": 759,
          "y": 142,
          "width": 1,
          "height": 10,
          "style": {
            "border_opacity": 100,
            "border_width": "extra_narrow",
            "border_color": "#b8bec8",
            "border_color_type": 1,
            "border_style": "solid"
          },
          "connector": {
            "start": {
              "attached_object": {
                "id": "o001:20",
                "snap_to": "bottom",
                "position": {
                  "x": 0.5,
                  "y": 1
                }
              },
              "arrow_style": "none"
            },
            "end": {
              "attached_object": {
                "id": "o001:21",
                "snap_to": "top",
                "position": {
                  "x": 0.5,
                  "y": 0
                }
              },
              "arrow_style": "line_arrow"
            },
            "shape": "straight",
            "caption_auto_direction": false,
            "specified_coordinate": true,
            "start_object": {
              "id": "o001:20",
              "snap_to": "bottom",
              "position": {
                "x": 0.5,
                "y": 1
              }
            },
            "end_object": {
              "id": "o001:21",
              "snap_to": "top",
              "position": {
                "x": 0.5,
                "y": 0
              }
            }
          }
        },
        {
          "id": "c001:13",
          "type": "connector",
          "x": 759,
          "y": 188,
          "width": 1,
          "height": 10,
          "style": {
            "border_opacity": 100,
            "border_width": "extra_narrow",
            "border_color": "#b8bec8",
            "border_color_type": 1,
            "border_style": "solid"
          },
          "connector": {
            "start": {
              "attached_object": {
                "id": "o001:21",
                "snap_to": "bottom",
                "position": {
                  "x": 0.5,
                  "y": 1
                }
              },
              "arrow_style": "none"
            },
            "end": {
              "attached_object": {
                "id": "o001:22",
                "snap_to": "top",
                "position": {
                  "x": 0.5,
                  "y": 0
                }
              },
              "arrow_style": "line_arrow"
            },
            "shape": "straight",
            "caption_auto_direction": false,
            "specified_coordinate": true,
            "start_object": {
              "id": "o001:21",
              "snap_to": "bottom",
              "position": {
                "x": 0.5,
                "y": 1
              }
            },
            "end_object": {
              "id": "o001:22",
              "snap_to": "top",
              "position": {
                "x": 0.5,
                "y": 0
              }
            }
          }
        },
        {
          "id": "c001:14",
          "type": "connector",
          "x": 759,
          "y": 234,
          "width": 1,
          "height": 10,
          "style": {
            "border_opacity": 100,
            "border_width": "extra_narrow",
            "border_color": "#b8bec8",
            "border_color_type": 1,
            "border_style": "solid"
          },
          "connector": {
            "start": {
              "attached_object": {
                "id": "o001:22",
                "snap_to": "bottom",
                "position": {
                  "x": 0.5,
                  "y": 1
                }
              },
              "arrow_style": "none"
            },
            "end": {
              "attached_object": {
                "id": "o001:23",
                "snap_to": "top",
                "position": {
                  "x": 0.5,
                  "y": 0
                }
              },
              "arrow_style": "line_arrow"
            },
            "shape": "straight",
            "caption_auto_direction": false,
            "specified_coordinate": true,
            "start_object": {
              "id": "o001:22",
              "snap_to": "bottom",
              "position": {
                "x": 0.5,
                "y": 1
              }
            },
            "end_object": {
              "id": "o001:23",
              "snap_to": "top",
              "position": {
                "x": 0.5,
                "y": 0
              }
            }
          }
        },
        {
          "id": "c001:15",
          "type": "connector",
          "x": 977,
          "y": 142,
          "width": 1,
          "height": 10,
          "style": {
            "border_opacity": 100,
            "border_width": "extra_narrow",
            "border_color": "#b8bec8",
            "border_color_type": 1,
            "border_style": "solid"
          },
          "connector": {
            "start": {
              "attached_object": {
                "id": "o001:25",
                "snap_to": "bottom",
                "position": {
                  "x": 0.5,
                  "y": 1
                }
              },
              "arrow_style": "none"
            },
            "end": {
              "attached_object": {
                "id": "o001:26",
                "snap_to": "top",
                "position": {
                  "x": 0.5,
                  "y": 0
                }
              },
              "arrow_style": "line_arrow"
            },
            "shape": "straight",
            "caption_auto_direction": false,
            "specified_coordinate": true,
            "start_object": {
              "id": "o001:25",
              "snap_to": "bottom",
              "position": {
                "x": 0.5,
                "y": 1
              }
            },
            "end_object": {
              "id": "o001:26",
              "snap_to": "top",
              "position": {
                "x": 0.5,
                "y": 0
              }
            }
          }
        },
        {
          "id": "c001:16",
          "type": "connector",
          "x": 977,
          "y": 200,
          "width": 1,
          "height": 10,
          "style": {
            "border_opacity": 100,
            "border_width": "extra_narrow",
            "border_color": "#b8bec8",
            "border_color_type": 1,
            "border_style": "solid"
          },
          "connector": {
            "start": {
              "attached_object": {
                "id": "o001:26",
                "snap_to": "bottom",
                "position": {
                  "x": 0.5,
                  "y": 1
                }
              },
              "arrow_style": "none"
            },
            "end": {
              "attached_object": {
                "id": "o001:27",
                "snap_to": "top",
                "position": {
                  "x": 0.5,
                  "y": 0
                }
              },
              "arrow_style": "line_arrow"
            },
            "shape": "straight",
            "captions": {
              "data": [
                {
                  "text": "现结",
                  "font_weight": "regular",
                  "font_size": 14,
                  "horizontal_align": "left",
                  "vertical_align": "top",
                  "line_through": false,
                  "underline": false,
                  "italic": false,
                  "angle": 0,
                  "text_color": "#1f2329",
                  "text_color_type": 0,
                  "text_background_color_type": 0,
                  "theme_text_color_code": -1,
                  "theme_text_background_color_code": -1
                }
              ]
            },
            "caption_auto_direction": false,
            "specified_coordinate": true,
            "caption_position": 0.5,
            "start_object": {
              "id": "o001:26",
              "snap_to": "bottom",
              "position": {
                "x": 0.5,
                "y": 1
              }
            },
            "end_object": {
              "id": "o001:27",
              "snap_to": "top",
              "position": {
                "x": 0.5,
                "y": 0
              }
            }
          }
        },
        {
          "id": "c001:17",
          "type": "connector",
          "x": 895,
          "y": 176,
          "width": 82,
          "height": 80,
          "style": {
            "border_opacity": 100,
            "border_width": "extra_narrow",
            "border_color": "#4e9d6d",
            "border_color_type": 1,
            "border_style": "solid"
          },
          "connector": {
            "start": {
              "attached_object": {
                "id": "o001:26",
                "snap_to": "left",
                "position": {
                  "x": 0,
                  "y": 0.5
                }
              },
              "arrow_style": "none"
            },
            "end": {
              "attached_object": {
                "id": "o001:28",
                "snap_to": "top",
                "position": {
                  "x": 0.5,
                  "y": 0
                }
              },
              "arrow_style": "line_arrow"
            },
            "shape": "right_angled_polyline",
            "captions": {
              "data": [
                {
                  "text": "月结",
                  "font_weight": "regular",
                  "font_size": 14,
                  "horizontal_align": "left",
                  "vertical_align": "top",
                  "line_through": false,
                  "underline": false,
                  "italic": false,
                  "angle": 0,
                  "text_color": "#1f2329",
                  "text_color_type": 0,
                  "text_background_color_type": 0,
                  "theme_text_color_code": -1,
                  "theme_text_background_color_code": -1
                }
              ]
            },
            "turning_points": [
              {
                "x": 0,
                "y": 0
              },
              {
                "x": 0,
                "y": 77.5
              },
              {
                "x": 82,
                "y": 77.5
              }
            ],
            "caption_auto_direction": false,
            "specified_coordinate": true,
            "caption_position": 0.760989010989011,
            "start_object": {
              "id": "o001:26",
              "snap_to": "left",
              "position": {
                "x": 0,
                "y": 0.5
              }
            },
            "end_object": {
              "id": "o001:28",
              "snap_to": "top",
              "position": {
                "x": 0.5,
                "y": 0
              }
            }
          }
        },
        {
          "id": "c001:18",
          "type": "connector",
          "x": 977,
          "y": 246,
          "width": 1,
          "height": 56,
          "style": {
            "border_opacity": 100,
            "border_width": "extra_narrow",
            "border_color": "#b8bec8",
            "border_color_type": 1,
            "border_style": "solid"
          },
          "connector": {
            "start": {
              "attached_object": {
                "id": "o001:27",
                "snap_to": "bottom",
                "position": {
                  "x": 0.5,
                  "y": 1
                }
              },
              "arrow_style": "none"
            },
            "end": {
              "attached_object": {
                "id": "o001:29",
                "snap_to": "top",
                "position": {
                  "x": 0.5,
                  "y": 0
                }
              },
              "arrow_style": "line_arrow"
            },
            "shape": "straight",
            "caption_auto_direction": false,
            "specified_coordinate": true,
            "start_object": {
              "id": "o001:27",
              "snap_to": "bottom",
              "position": {
                "x": 0.5,
                "y": 1
              }
            },
            "end_object": {
              "id": "o001:29",
              "snap_to": "top",
              "position": {
                "x": 0.5,
                "y": 0
              }
            }
          }
        },
        {
          "id": "c001:19",
          "type": "connector",
          "x": 977,
          "y": 292,
          "width": 1,
          "height": 10,
          "style": {
            "border_opacity": 100,
            "border_width": "extra_narrow",
            "border_color": "#b8bec8",
            "border_color_type": 1,
            "border_style": "solid"
          },
          "connector": {
            "start": {
              "attached_object": {
                "id": "o001:28",
                "snap_to": "bottom",
                "position": {
                  "x": 0.5,
                  "y": 1
                }
              },
              "arrow_style": "none"
            },
            "end": {
              "attached_object": {
                "id": "o001:29",
                "snap_to": "top",
                "position": {
                  "x": 0.5,
                  "y": 0
                }
              },
              "arrow_style": "line_arrow"
            },
            "shape": "straight",
            "caption_auto_direction": false,
            "specified_coordinate": true,
            "start_object": {
              "id": "o001:28",
              "snap_to": "bottom",
              "position": {
                "x": 0.5,
                "y": 1
              }
            },
            "end_object": {
              "id": "o001:29",
              "snap_to": "top",
              "position": {
                "x": 0.5,
                "y": 0
              }
            }
          }
        },
        {
          "id": "c001:20",
          "type": "connector",
          "x": 541,
          "y": 86,
          "width": 218,
          "height": 206,
          "style": {
            "border_opacity": 100,
            "border_width": "narrow",
            "border_color": "#5b7fcb",
            "border_color_type": 1,
            "border_style": "solid"
          },
          "connector": {
            "start": {
              "attached_object": {
                "id": "o001:17",
                "snap_to": "bottom",
                "position": {
                  "x": 0.5,
                  "y": 1
                }
              },
              "arrow_style": "none"
            },
            "end": {
              "attached_object": {
                "id": "o001:20",
                "snap_to": "top",
                "position": {
                  "x": 0.5,
                  "y": 0
                }
              },
              "arrow_style": "line_arrow"
            },
            "shape": "right_angled_polyline",
            "captions": {
              "data": [
                {
                  "text": "履约单下发",
                  "font_weight": "regular",
                  "font_size": 14,
                  "horizontal_align": "left",
                  "vertical_align": "top",
                  "line_through": false,
                  "underline": false,
                  "italic": false,
                  "angle": 0,
                  "text_color": "#1f2329",
                  "text_color_type": 0,
                  "text_background_color_type": 0,
                  "theme_text_color_code": -1,
                  "theme_text_background_color_code": -1
                }
              ]
            },
            "turning_points": [
              {
                "x": 129,
                "y": 206
              },
              {
                "x": 129,
                "y": 0
              },
              {
                "x": 218,
                "y": 0
              }
            ],
            "caption_auto_direction": false,
            "specified_coordinate": true,
            "caption_position": 0.5225225225225225,
            "start_object": {
              "id": "o001:17",
              "snap_to": "bottom",
              "position": {
                "x": 0.5,
                "y": 1
              }
            },
            "end_object": {
              "id": "o001:20",
              "snap_to": "top",
              "position": {
                "x": 0.5,
                "y": 0
              }
            }
          }
        },
        {
          "id": "c001:21",
          "type": "connector",
          "x": 541,
          "y": 86,
          "width": 436,
          "height": 206,
          "style": {
            "border_opacity": 100,
            "border_width": "narrow",
            "border_color": "#5b7fcb",
            "border_color_type": 1,
            "border_style": "solid"
          },
          "connector": {
            "start": {
              "attached_object": {
                "id": "o001:17",
                "snap_to": "bottom",
                "position": {
                  "x": 0.5,
                  "y": 1
                }
              },
              "arrow_style": "none"
            },
            "end": {
              "attached_object": {
                "id": "o001:25",
                "snap_to": "top",
                "position": {
                  "x": 0.5,
                  "y": 0
                }
              },
              "arrow_style": "line_arrow"
            },
            "shape": "right_angled_polyline",
            "captions": {
              "data": [
                {
                  "text": "计费触发",
                  "font_weight": "regular",
                  "font_size": 14,
                  "horizontal_align": "left",
                  "vertical_align": "top",
                  "line_through": false,
                  "underline": false,
                  "italic": false,
                  "angle": 0,
                  "text_color": "#1f2329",
                  "text_color_type": 0,
                  "text_background_color_type": 0,
                  "theme_text_color_code": -1,
                  "theme_text_background_color_code": -1
                }
              ]
            },
            "turning_points": [
              {
                "x": 129,
                "y": 206
              },
              {
                "x": 129,
                "y": 0
              },
              {
                "x": 436,
                "y": 0
              }
            ],
            "caption_auto_direction": false,
            "specified_coordinate": true,
            "caption_position": 0.7379154078549849,
            "start_object": {
              "id": "o001:17",
              "snap_to": "bottom",
              "position": {
                "x": 0.5,
                "y": 1
              }
            },
            "end_object": {
              "id": "o001:25",
              "snap_to": "top",
              "position": {
                "x": 0.5,
                "y": 0
              }
            }
          }
        },
        {
          "id": "c001:22",
          "type": "connector",
          "x": 323,
          "y": 188,
          "width": 218,
          "height": 114,
          "style": {
            "border_opacity": 100,
            "border_width": "extra_narrow",
            "border_color": "#5b7fcb",
            "border_color_type": 1,
            "border_style": "solid"
          },
          "connector": {
            "start": {
              "attached_object": {
                "id": "o001:10",
                "snap_to": "bottom",
                "position": {
                  "x": 0.5,
                  "y": 1
                }
              },
              "arrow_style": "none"
            },
            "end": {
              "attached_object": {
                "id": "o001:18",
                "snap_to": "top",
                "position": {
                  "x": 0.5,
                  "y": 0
                }
              },
              "arrow_style": "line_arrow"
            },
            "shape": "right_angled_polyline",
            "captions": {
              "data": [
                {
                  "text": "拦截下发",
                  "font_weight": "regular",
                  "font_size": 14,
                  "horizontal_align": "left",
                  "vertical_align": "top",
                  "line_through": false,
                  "underline": false,
                  "italic": false,
                  "angle": 0,
                  "text_color": "#1f2329",
                  "text_color_type": 0,
                  "text_background_color_type": 0,
                  "theme_text_color_code": -1,
                  "theme_text_background_color_code": -1
                }
              ]
            },
            "turning_points": [
              {
                "x": 109,
                "y": 0
              },
              {
                "x": 109,
                "y": 111.5
              },
              {
                "x": 218,
                "y": 111.5
              }
            ],
            "caption_auto_direction": false,
            "specified_coordinate": true,
            "caption_position": 0.49623493975903615,
            "start_object": {
              "id": "o001:10",
              "snap_to": "bottom",
              "position": {
                "x": 0.5,
                "y": 1
              }
            },
            "end_object": {
              "id": "o001:18",
              "snap_to": "top",
              "position": {
                "x": 0.5,
                "y": 0
              }
            }
          }
        },
        {
          "id": "c001:23",
          "type": "connector",
          "x": 323,
          "y": 241.5,
          "width": 436,
          "height": 58.5,
          "style": {
            "border_opacity": 100,
            "border_width": "extra_narrow",
            "border_color": "#5b7fcb",
            "border_color_type": 1,
            "border_style": "solid"
          },
          "connector": {
            "start": {
              "attached_object": {
                "id": "o001:23",
                "snap_to": "bottom",
                "position": {
                  "x": 0.5,
                  "y": 1
                }
              },
              "arrow_style": "none"
            },
            "end": {
              "attached_object": {
                "id": "o001:12",
                "snap_to": "top",
                "position": {
                  "x": 0.5,
                  "y": 0
                }
              },
              "arrow_style": "line_arrow"
            },
            "shape": "right_angled_polyline",
            "captions": {
              "data": [
                {
                  "text": "轨迹回传",
                  "font_weight": "regular",
                  "font_size": 14,
                  "horizontal_align": "left",
                  "vertical_align": "top",
                  "line_through": false,
                  "underline": false,
                  "italic": false,
                  "angle": 0,
                  "text_color": "#1f2329",
                  "text_color_type": 0,
                  "text_background_color_type": 0,
                  "theme_text_color_code": -1,
                  "theme_text_background_color_code": -1
                }
              ]
            },
            "turning_points": [
              {
                "x": 436,
                "y": 58.5
              },
              {
                "x": 0,
                "y": 58.5
              },
              {
                "x": 0,
                "y": 0
              }
            ],
            "caption_auto_direction": false,
            "specified_coordinate": true,
            "caption_position": 0.46034816247582205,
            "start_object": {
              "id": "o001:23",
              "snap_to": "bottom",
              "position": {
                "x": 0.5,
                "y": 1
              }
            },
            "end_object": {
              "id": "o001:12",
              "snap_to": "top",
              "position": {
                "x": 0.5,
                "y": 0
              }
            }
          }
        }
      ]
    },
    "metadata": {
      "width": 0,
      "height": 0,
      "nodeCount": 85,
      "connectorCount": 23
    },
    "quality": {
      "connectorRefs": 1,
      "anchorDirection": 1,
      "connectorStyle": 0,
      "sizeConsistency": 1,
      "bounds": 1,
      "spacing": 0.8571428571428572,
      "fontSizeCheck": 0.303030303030303,
      "contrast": 1
    },
    "outputPath": "D:\\newproject\\data\\design-lark-chart\\complex_swimlane_b2b\\board.openapi.json"
  },
  "error": ""
}
