{
  "code": 0,
  "data": {
    "to": "image",
    "metadata": {
      "width": 1036,
      "height": 327,
      "nodeCount": 85,
      "connectorCount": 23
    },
    "quality": {
      "connectorRefs": 0.09999999999999992,
      "anchorDirection": 1,
      "connectorStyle": 0,
      "sizeConsistency": 1,
      "bounds": 1,
      "spacing": 0.8571428571428572,
      "fontSizeCheck": 0.303030303030303,
      "contrast": 1
    },
    "outputPath": "D:\\newproject\\data\\design-lark-chart\\complex_swimlane_b2b\\preview.png"
  },
  "error": ""
}
